Zig - A general-purpose programming language and toolchain for maintaining
robust, optimal, and reusable software.

No additional dependencies required.

No additional configuration required.

Homepage: https://ziglang.org/
Documentation: https://ziglang.org/documentation/
Source: https://codeberg.org/ziglang/zig