Python - A programming language that lets you work quickly and integrate systems effectively.
This plugin uses python-build (from pyenv) to compile Python from source.

Build dependencies (Debian/Ubuntu):
  build-essential libssl-dev zlib1g-dev libbz2-dev libreadline-dev
  libsqlite3-dev curl libncursesw5-dev xz-utils tk-dev libxml2-dev
  libxmlsec1-dev libffi-dev liblzma-dev

Environment variables:
  ASDF_PYTHON_DEFAULT_PACKAGES_FILE - Path to default pip packages file (default: ~/.default-python-packages)
  ASDF_PYTHON_PATCH_URL - URL to patch file to apply during build
  ASDF_PYTHON_PATCHES_DIRECTORY - Directory containing patch files
  PYTHON_BUILD_MIRROR_URL - Custom mirror URL for Python source downloads

Homepage: https://www.python.org/
Documentation: https://docs.python.org/
Downloads: https://www.python.org/downloads/
Source: https://github.com/python/cpython