Go (golang) - An open-source programming language supported by Google.
This plugin downloads pre-built Go binaries from https://go.dev/dl/

No system dependencies required - uses pre-built binaries.

Environment variables:
  ASDF_GOLANG_DEFAULT_PACKAGES_FILE - Path to default packages file (default: ~/.default-golang-pkgs)
  ASDF_GOLANG_MOD_VERSION_ENABLED - Enable go.mod version detection (default: false)

Homepage: https://go.dev/
Documentation: https://go.dev/doc/
Downloads: https://go.dev/dl/
Source: https://github.com/golang/go