Argo Workflows CLI - The workflow engine for Kubernetes.
Argo is built from the official source archive using Go, which requires Go to be installed.

Requires Go to be installed and available in PATH.

No additional configuration required.

Homepage: https://argo-workflows.readthedocs.io/
Source: https://github.com/argoproj/argo-workflows