Node.js - A JavaScript runtime built on Chrome's V8 JavaScript engine.
This plugin downloads pre-built Node.js binaries from https://nodejs.org/

No system dependencies required - uses pre-built binaries.

Environment variables:
  ASDF_NODEJS_DEFAULT_PACKAGES_FILE - Path to default npm packages file (default: ~/.default-npm-packages)
  ASDF_NODEJS_AUTO_ENABLE_COREPACK - Enable corepack after install (default: false)
  NODEJS_CHECK_SIGNATURES - Verify GPG signatures (default: strict)
  NODEJS_ORG_MIRROR - Custom mirror URL for Node.js downloads

Homepage: https://nodejs.org/
Documentation: https://nodejs.org/docs/
Downloads: https://nodejs.org/en/download/
Source: https://github.com/nodejs/node