pipx - Install and Run Python Applications in Isolated Environments.
This plugin downloads the pipx.pyz file from GitHub releases.

Requires Python 3.8+ to be installed and available in PATH.

Environment variables:
  PIPX_HOME - Override pipx home directory
  PIPX_BIN_DIR - Override pipx bin directory

Homepage: https://pipx.pypa.io/
Documentation: https://pipx.pypa.io/stable/
Source: https://github.com/pypa/pipx